22835069 212882992 417183735 440942239 470555975 567592923 594829654 602125929 889061782 904272094
