17 24 11 13 12
19 7 15 8 9
22 2 18 3 21
6 10 14 20 16
23 1 5 4 0
