17 22 34 32 14 3 4
1 35 36 6 12 18 26
45 11 19 25 38 16 29
37 2 42 44 9 31 24
8 41 21 46 0 20 39
40 13 27 7 10 47 30
48 15 23 43 5 28 33
