Cykly su super!
Cykly su super!
Cykly su super!
Cykly su super!
Cykly su super!
Cykly su super!
Cykly su super!
Cykly su super!
Cykly su super!
Cykly su super!
Cykly su super!
Cykly su super!
Cykly su super!
Cykly su super!
Cykly su super!
Cykly su super!
Cykly su super!
Cykly su super!
Cykly su super!
Cykly su super!
Cykly su super!
Cykly su super!
Cykly su super!
Cykly su super!
Cykly su super!
Cykly su super!
Cykly su super!
Cykly su super!
Cykly su super!
Cykly su super!
Cykly su super!
Cykly su super!
Cykly su super!
Cykly su super!
Cykly su super!
Cykly su super!
Cykly su super!
Cykly su super!
Cykly su super!
Cykly su super!
Cykly su super!
Cykly su super!
