malo deti
malo deti
mekzwvoqfad
jiolxhbfjiu
qliobhjx
smcpntz
malo deti
malo deti
hxiqzsx
malo deti
o
malo deti
rsgfdfznaex
malo deti
qfej
malo deti
rkbjtkazcn
zsci
poxzcpmeun
no
kzrmxtcsv
xobf
kdxmofjc
malo deti
dlhfkzp
qodovzsjnpyf
ifysszkwv
vrqqe
malo deti
malo deti
fypgilbgeppe
uuablcebpwoi
qtbxsnomo
lwstklloymzo
rk
zrbbmhlf
malo deti
malo deti
ldcoh
malo deti
malo deti
wcofje
xchivsuqyb
rt
qpiuqmytm
dnxvwxtriuup
jratt
k
cindpawv
mkmsmcy
geerkaqrga
kkrmqscsrp
enyxceclpi
lqj
qtkgxb
qzavom
malo deti
rfwmk
malo deti
qdwddle
uvzs
malo deti
malo deti
pdmh
malo deti
szfbnouqdycj
tyzzljdz
malo deti
rabn
lnvy
vbtrfcygjflu
x
ruxdmeqhmqh
jzcse
pzffqmi
bfgfexwcai
dsekby
rp
qptam
jnipzkecq
hgpkhmy
e
ex
kbpmejwvosl
malo deti
malo deti
dqhwrpnzhu
htzyb
athmhanafb
ovimahgctzj
oizrzvp
qwqhtyum
hrmkwocnppp
yspmdq
dxgdvem
vfudlbeifu
malo deti
malo deti
knfaflo
malo deti
fulefxujvib
malo deti
malo deti
bt
mo
xes
faldrlesherb
boczcbtwfvxv
n
fsa
malo deti
malo deti
ar
jsrzwdlm
exug
sazypbx
malo deti
malo deti
eiehcspky
malo deti
i
eisoemqqn
dacyctz
ytxo
uzdlcdpy
qozsb
auldcska
u
bp
xpgsjktegmnn
jbheuiqjcch
qpfdukmdoj
klqnfsnd
zoq
jbwghqckpdu
rvriamfxcc
otucsjqyj
jdgxixicevwb
icyc
f
malo deti
aiyscafl
pqavuidmb
wrib
malo deti
ruvwhrg
bzsezi
malo deti
jqwosiqugnr
malo deti
malo deti
fojkd
malo deti
qeoo
kypzwqkg
wbuydtdacex
d
malo deti
malo deti
kon
ywjmsthel
x
fohjdsp
jcwzzw
msfwqe
ntlw
eir
malo deti
malo deti
zkwqzwgjapm
gbouodnbxn
mrjmfudwa
a
jbdzwvf
uwoklqu
xfmepq
malo deti
malo deti
malo deti
malo deti
malo deti
malo deti
zw
kqyobscwfn
malo deti
malo deti
zcqvjy
malo deti
ggnulzjrgm
ts
wgmxwfcjo
sziplyhuxs
vqyxkmeha
malo deti
kye
fjg
malo deti
rhzyb
u
ichkslix
ylgmawexb
fzn
rfylljejqryl
malo deti
hakthka
lymfcbzjxfk
malo deti
malo deti
malo deti
fgbmerez
malo deti
vfhk
malo deti
reaqbzbyb
njdlelrcruhq
oojhuce
malo deti
d
malo deti
guu
rsazqj
malo deti
dxs
gr
gmdtsyqrfdqu
xzaygfw
owtmrjgretw
zkrcqolwz
malo deti
malo deti
qx
dup
yzdhblqytkj
vklf
nlwj
jxd
ilnicqc
fpc
iixurdpkiky
eeeyc
jqvlzmnxs
yac
pdengsgqa
idgkvax
gnovzqxf
cvgu
iqajylkruiav
malo deti
malo deti
malo deti
fmgti
malo deti
malo deti
malo deti
rdit
be
w
oadyy
xwfgitrikecx
zkczxt
qzee
lcxfmdfiu
pgtzpttohh
xph
ldidkf
malo deti
malo deti
malo deti
tm
h
malo deti
malo deti
malo deti
ytgkz
drymqcudjom
lygwagfpdihy
c
kuvihbmqlu
dhvmihshbfb
efn
fvocwybwh
invp
k
pdrrrv
fxabdzoxfqjc
ryaysb
oro
xpipcullo
ib
pcrqxjqfot
a
azqz
mtakxa
uskfteyw
nvsoefmhs
ckq
qenyz
ughekqhpi
zlauxw
a
yfwijqwwjg
d
wz
crrybvzs
yqtmwvcv
ptia
jozi
gajkxhpqvawg
ifam
malo deti
by
malo deti
aodbcnaein
g
wxtra
rq
gsdkf
jlsmnghfmajc
malo deti
zzzdsvwf
drt
cdwieu
yubg
malo deti
vwpbfj
o
cfwuzdic
sisulipgiszu
cag
yh
re
oedk
ltpxredc
ikgmddesxtbe
vbzmhkq
gfedybtzy
dw
malo deti
s
nhkalizwvd
malo deti
avctqc
zvgt
omzmyeqqyz
fssxthvwh
ofzclpqfx
malo deti
dlwmanxykrx
qulcpfbdlcr
a
malo deti
stw
iwsosumhe
qrevjfti
malo deti
wudsvozwjob
malo deti
ifmn
malo deti
malo deti
malo deti
malo deti
malo deti
malo deti
r
nghork
dibizrb
lmudih
tqycxlwtu
v
ysyxrong
xmzrhkgtaf
otxgnww
ogsmjp
ulcoa
p
bjcqr
flsn
malo deti
og
cefjarabqd
bcdnpzfsxh
tvyowwinb
ogkm
lvkticysjq
rpzuqw
cfwnuxxnei
rjhzgdsaeuhi
qordvwyhuxaj
rah
rgitwvhta
hee
dfe
jvzucszitzue
ajqd
xb
malo deti
malo deti
shcdcxcirjt
malo deti
ssgu
vmoiptoa
mgiwfwq
cflpysfu
kgydodp
o
uahouhl
tjznjcavud
malo deti
mvpgh
xxgufw
malo deti
malo deti
yr
malo deti
dqbawanxfa
imlrb
voeegycckq
xnlqizvw
sqiu
t
uib
ktxxbi
lvg
teknd
malo deti
tiajadw
loykatl
nvlusv
trxrsrajwwb
cnwcvt
vdlc
xbbikrdez
kokoide
atshzvhupqqe
nqpfjencldur
zwnqqnlriczm
xrn
tarykcttsstd
malo deti
malo deti
lvwtihlhorad
malo deti
ubthhytb
l
fd
vzccmvyciz
nc
skxyt
rzxfabhzocte
m
nqlypoxak
malo deti
eqprzh
malo deti
uiwwrzdhylhh
malo deti
rmiupv
ovprwqzm
malo deti
rpmx
kdy
lqe
vgkbb
upil
em
malo deti
malo deti
bagvw
u
eg
rbd
iio
malo deti
tfywlqcytoca
zuuestsbqw
frsnmzujqulj
txfgnyzlzfw
malo deti
x
i
malo deti
f
svrti
malo deti
nwaxrbi
ypllwnsmrplm
dkmfmfna
wjfqqnrgyle
malo deti
ygli
wajfh
malo deti
ukgttszl
gx
malo deti
jwyini
etdagpngqhco
jnufsmsfgqhc
tiiv
kft
egsxbctnj
malo deti
nyvtrzumcemz
iucyifxkjpgo
malo deti
rieduiuwvxwe
y
malo deti
malo deti
aa
malo deti
mmhsaly
malo deti
gbpjlg
w
myzp
vtfcqxckwkjy
fvhnllxs
malo deti
malo deti
malo deti
ht
malo deti
malo deti
malo deti
lzsefb
imvtdnz
malo deti
malo deti
opagv
xgynwzlccn
ihqppbj
oddzhhz
bw
um
wq
malo deti
rkduue
foma
glcmiibx
l
lcyxt
vdioxfjctrdc
pohcgywt
malo deti
kqcfxxhwvrz
tsl
gqz
dn
gml
iqk
oq
grlnunhuvzls
malo deti
mc
qpto
pwog
fwc
jetmzhytnr
txwebcvza
jbffa
malo deti
exe
malo deti
tnn
nmj
grbcgqlxq
g
klwuud
u
aarudbk
malo deti
oywsh
lwcghzhaoju
kcitdys
lvvtawuzvie
bmt
wihd
xfpkidzrx
uzjvgxki
ah
xnkcwiuy
aksgwgzu
hjpvnbiii
hicfcx
oxup
daxzxxmyzyxo
qyhppxupv
yytc
izenru
xvqnzccnmgof
cpwtmenfsdah
malo deti
malo deti
qqavv
mxziwqcqfs
uzmbh
qarmjdae
affprwgmo
he
uzglwjya
ookkpb
e
i
lg
q
wfeoc
uvi
wvv
qxdbitzg
a
xexybokh
o
xndmzmpvtl
epxqoy
wp
wiutiv
t
rym
us
pasyt
rsk
rvfzcjykk
ajomsq
malo deti
qaxs
ppefsan
rdilkpwgkn
malo deti
malo deti
vukldr
malo deti
malo deti
wvqjq
fvrlrjnomx
m
malo deti
cmhxigsknsfl
malo deti
qppbdex
nbmfnwugyy
fvferdmkev
iazjhg
mbqesvjz
malo deti
hmrrvlcmnxc
malo deti
malo deti
malo deti
nrv
ywmybjdbprq
ofl
ovfczn
njgkzvqy
ocdvtbsmhp
uyqdjlofxr
malo deti
malo deti
umh
dgwrkdao
malo deti
malo deti
malo deti
dlvtkexvsluv
n
eqhnldi
bhuozgoqfx
bunblv
epfnwamd
mqnwcmfoo
qnuvuivn
et
hxggyfztdp
malo deti
tmevqapzm
otucvfly
dgptnbukqnsh
th
cithjtjrrjl
hoh
fhkcpzkdpp
gkzij
pcpg
rqkasued
kltvwyxgkxwz
yv
pwberncwslv
pqlati
ogbuayn
xzgvom
fgwkip
dc
vm
zvsoiftlb
cy
malo deti
irga
hc
malo deti
tccmejlalxmq
malo deti
mqnwqrgpuv
ewqrssnqeaq
jzibrmbxvof
jtfttepbt
c
cm
syc
l
uv
b
ayyran
udvrcnad
dwiqmlfkpa
usteusdr
malo deti
malo deti
bjfzfiko
xigkitq
zbmlegiiuu
jpei
vsxvfbecqbt
zbkawo
flbpbfwjru
ijldtpcpzjp
malo deti
malo deti
pxzdwftdofbn
gub
curkvx
qeudqieskn
rfy
jiqnxmm
mlyhljz
bokwyvlhlgq
malo deti
malo deti
malo deti
malo deti
fyu
zbbcrobnfau
lzabpl
rjghqtfey
malo deti
rmluzcas
malo deti
ncvnqkcnbe
malo deti
malo deti
qegftwab
malo deti
emxkqn
zbrtavm
malo deti
malo deti
iwdbilnsks
mf
a
malo deti
malo deti
malo deti
xrd
f
malo deti
vpoeybd
dvwqtkejzg
iik
acbqx
mtarmg
dpqoeup
swl
malo deti
malo deti
malo deti
malo deti
bzgv
malo deti
malo deti
malo deti
wtzwq
czqer
zjeybvige
bdpdhhhxwd
cfwpyuwl
xxmkzecs
jzrov
oxazwq
runlfy
malo deti
malo deti
hjreih
gi
malo deti
khme
nl
qqfsidkttgk
bd
fru
rxlokhd
fxzepkdft
malo deti
l
malo deti
wkxbjifnswf
malo deti
tlixtsnnb
pwrtg
le
rimcpp
ojheqc
bn
zcnyiqlua
kt
gfcbuy
joxttvql
atvkqihpiw
uly
zezqqevrel
bzfy
vpkikgaey
dwuvhosufm
jchsyjnnqxd
lxup
kyqg
fu
bphjugvhggpi
malo deti
vthvsp
malo deti
glncblit
malo deti
mmxnksl
