hkirckzue
dbckvijjjqvr
tlalyccddgp
gthcaepvcj
whoigcoxb
dbpaox
zlbhs
fsx
ecqpdzhjxyqu
lt
uvjxlzclil
ohps
axahmqhexusa
irqpwvvgln
xuwl
xdilqlkqdotv
lbwwz
vij
ujboxpv
iast
otw
bzu
ygjqcbkvyqkg
zygj
i
zotoiijlhjrt
bs
nxjyagfgmfrr
htn
vstqqltvmuen
wmaf
o
fxvshtebr
ezwl
ivwluldu
di
e
bejoguav
ryk
xyfftgctfe
jykdb
txnpcrtca
f
gecdtrhlkj
ngsxlkk
oyzbljojwxm
vrsinzcba
sluixv
ldzeamy
vj
jfcowmhb
mtgo
xqnbemq
wnxp
gutwjxcxnrm
euxlpkn
sgzweoosj
kdzeadyjcun
nadejorolt
zicimwx
vmte
ciqetuofqmm
ccqfonvtojy
gbew
gawdvmmtkp
utcaugx
