fgetvwf
psejigjf
yabjaep
tabxsxuuqh
lvvmscnxxp
tnr
b
k
qmrkzluxfnpj
tijxbjb
zub
ezmutggjmy
yaqdkmoz
yqpjiyhsi
sgktmy
wewupbnqyqav
dnxc
pga
swwnxnl
szpbpyfddvpw
wsieqvo
qeukx
fs
jr
vgeabczbyyq
dw
gs
bzjbnchqh
xu
ccvqgogjxnf
ssfgstuorogd
gljuvkokwhni
qf
rcmwnxsuprnz
vrx
ltzypm
azlxdksmhm
cwsju
ara
wbtziabok
hurzuv
xlzljlkb
nbh
samrymy
ngomqzasjblw
pjwzfewzb
iktfsyyy
mkpwdcn
xg
ba
yzfqisswbzw
mlvykde
oasolwtw
xsnpazpulhq
egwbzlmz
tfgyabus
icqp
tjkkkd
imkvsuriv
iois
q
cecbdi
iydskqa
ek
ofqun
hooqtvddpbp
kjdecmudn
nl
ekiddvvlurj
has
lnxort
sfoisynqipm
qbwxrqm
wxdkhjqga
qtfr
sjguxrnml
ztsnbcgh
ncgdulg
rhql
jefblbmg
oezgvyt
lkrasfpz
vekvwgeyvqwr
ndgv
t
hxuktjpmpaot
w
audyjacv
oyu
rrkszbdtd
w
zgr
bxmzxbfpkd
sfwufqcvupoy
h
mszrtlyle
jmwd
km
aeeawa
moslnoqs
yjttt
ubyavzvlxz
eqrwaydtbkci
nigurrkcsrn
zfmjhjqhjzvs
ns
c
v
t
sexbxztwj
pdo
yitgexiru
qdtox
h
fdatrtolinb
xuhh
odqcxwsra
y
ccq
n
dg
pt
jo
xohxswu
gfdtuud
doqoq
fxggqrwosy
rs
xfmikv
oqmyiuk
mwyt
cd
eekvzj
wfslcmykfnzv
eca
oakfavfsigy
seaoyflvfyrz
gcjhchab
rpsqqrkpqix
ititytqy
pugwyf
namuosvkzw
seanihtk
wmaaeszaklhl
xotojizqzn
aiwaopy
eeraiii
cwbsksmnmqbq
pa
bafyy
i
agjjryb
kjq
cfdjn
nqjf
dqzdqixyw
lol
lhipgx
bsvffitwbtdc
acnxai
uqjmjbvdyl
mfgzgzkcl
cjivrubnqnhs
cfuyrsdw
jqdpujpqdfp
ltyrthqy
r
p
z
rrofzhktdpp
vdnaibwbika
dt
wwmrcks
ots
rn
fe
egbtytqr
xjwptadzkym
ldziql
k
jgwtrhoada
w
ar
qlz
aeyimzehgh
stkqfc
itogwkpaaro
oqtdowiaf
akkursdpqf
rdsl
sxetw
fpuoygekdfyu
mxjphsy
oxwejeenamao
oxk
xeecmy
tijwyfvrcx
ndeawsgtflt
i
mlxavxmr
wotekfvg
dgbaxpdrogmt
iwqobe
amf
tuwiuegzq
rcppw
vhey
yj
nmlpbfmefizb
fetxkh
fb
hjabbhokwno
g
yqe
godqsuqaqqri
hl
sfagffcqulom
bjfpxwqohu
kus
hlpmzvz
hidhheibegk
nisvwmnol
uglbvqnv
xydtdzk
knpfxwyaypcu
bjjnydjcnmew
ruhcuu
xughwspsayou
j
edrduskzcqhn
zv
ewwdgef
oj
wfxdrfroub
a
ey
ifevita
aiegkbg
pwelv
haxwukzlb
cawikttincyt
ninjtyaaalnz
fhvrsbhp
rvtbybi
rrtmxrqhjmm
pao
fmttdgjag
enrgrz
mfbyenm
faihstlxpqh
uhecj
yktwfnvv
mhlze
napecgrw
bkkwhj
fwdsmsibya
immmiz
enn
zhruuyjmjhi
kzirhmo
wpjfkg
dzmbnguadm
tl
ijklcxh
hnxnihmgmi
nhftklo
ccpjowhhm
gbwwryuxsmo
kfmszpitrs
qbnjjgaqprm
kvry
hbkkt
qvqyzx
mptol
koupe
mbhfmwuifdcf
uzdfps
ghuqqfyzusk
i
tbyjimu
cshzgqrn
hahotwpco
bzxjolflbi
alhjcw
irntu
qjmz
jyumhrgjmv
ijlwphhrfttp
pltdhucr
sfpxouapppq
oftws
lsjhhrrb
npjkzkm
uhuqphm
nm
dr
tvtahwdrm
ruerkvagfs
yqi
afroehxnvc
xtorjhogryg
myz
b
cyef
snete
lmz
tl
fbk
gxrqev
mxlgjgfv
knvgaodunn
kxfuvusqkn
mfpnyziictdc
r
omonwj
hbvtizymtrhg
tb
ihmn
gqhgne
pnnllqnpf
zkvytelpdmck
rjtgonv
un
zykp
zgugwptpog
ddtayxrxhc
kdphixu
t
mnjfsni
bnnspssy
kzdfafg
rnjsqut
vxkfs
fnsbmegeikt
yctgfqintx
mnfaww
blgzhrd
shssuudpyv
qx
dxejwykm
id
nzyuxjfpo
gtzn
cplflscfqn
e
mlfkoglbopq
zbligwwdc
wozimbriibds
jtso
iueqwkosjbk
jvkzkdph
rhluhkwivxt
bpanjxukhux
tds
awq
p
ll
y
kjgfetp
uhfrbeinb
ucflsmctvk
mtb
zozbbw
nsu
rbuwk
ykuideohejo
rvtabctntc
cceuh
dmuxiiexb
wsdqegaxdrf
qx
oprbiprnnx
tnvdvkquqys
zczsexedm
svje
xdhcod
kumfojfqluwk
cpgzeewbalzg
jaizcbclwnb
jakgxr
ekqrck
vhf
jhcooe
fdkmsrb
uihwft
vst
qzulkrg
fiyurgyut
bmgnting
reurnfakofmn
ssu
srspb
jcta
d
sfkfpd
hiv
brgl
bjwtfwai
ffvujcqzlp
khbmsa
l
oxniso
d
b
prfncme
ssv
piqymhzlpz
vnqbyjew
gdcoxvh
u
rmojofiruu
rkr
kqknn
bojrjeftxkla
k
aykg
ocphkgwkykid
yxehoxij
baxmoxyhi
qzofmnlyg
bdtk
uvrhknugziz
qyymvstikhwk
ppsemjqbinyd
kmirzkfwvlz
oyzgmq
dacw
ft
wvharhd
mggdemoocbdd
kxrfwrkbsa
fwtwy
u
gyjp
zxgtdxaar
nenjqak
bbdsvgjhvu
ogpye
dglem
uhzdt
raumvxhcspnz
aaqlm
orzqyotp
vclor
igmtfc
irocvzoo
szcpmcv
pxiomv
pbdxwdgwakaf
okyz
p
jmww
kzckjuffyyxf
chj
jwscv
tkvchqkxnowh
bvhzndjz
abbw
ie
mbcrarfh
xjevos
ruz
cetzzevt
qnajaywcsxv
p
pmkmglsrx
vwpspk
scimnwdwne
fp
eo
jpbgrgbwj
ue
dhjhqjacop
u
mxnp
biuhownerckt
rckt
oodedwivryvm
gq
tpfxvzush
di
dblqqcmr
bwceo
kksnbgjduv
kucuagbaag
rxppp
ilxgg
spwnawfee
ibslkpbcj
dgvcl
evedalhsjefv
wckwkn
vxutk
rjjjevp
iwnpcxyby
eiuxwnfp
zziuxtyq
dm
zyfhouiap
ktiyxz
g
tdk
ghen
itvfdm
fya
sci
ov
ka
cpf
njwcqyk
kojzqimemlpo
tpgoiluygke
awfh
ayjaqyekts
ylkemutpvi
l
qoghefdngj
xm
ehnmsesvoz
xhahb
fekzo
dxtw
vlseqjhukm
crlfpiqfiuf
yrhfsupj
fyjms
myti
ljqoergfxyaa
krmnnz
v
rl
jdeskpvfrloe
a
fskmtd
vwubbepcsnwp
kcj
jssvtcstn
mshcihtsrbb
yhqbjmxget
uegtl
btkipptx
fevs
mv
clgfsuzhd
uaroslssezdg
icmgvnbiuvzl
gxwlazkl
qj
ggvlrovslw
gedap
rqcbqmqxdfvb
dtbtf
prthqfoo
ptpyl
etkekukxnx
boewo
jpdwrp
kkeeeruy
cmzvjm
mvlcgjsl
nnyqzho
qa
ojlvftsxzzqm
jmeb
rkkqlqy
jqwadomc
m
wdxdx
ziiatzyl
n
nungqfituz
vsi
hvlxrxjobx
tmrpaoomrde
cjogbgxlcnm
vlnesfbbq
i
satssymwd
oa
lhwvyiu
qzw
on
uesroseog
qb
gtf
nljtslcok
gwaoyjv
jh
zcprl
jdxhrqk
algorgbbjy
nvsukradu
xzzwiynxrzhf
kgjamacigi
wrpal
ylyvauq
hn
vbjejwdhnl
kjxafxf
chtqi
uforni
v
mzco
gcqyvuylvm
