qcdkfsinlzc
sluxa
rikwfxrnfcso
malo deti
malo deti
vceiphy
lawsplqf
yunaphxfxu
z
egyiszmrp
kjjmxgc
jqpxipfvg
lyavgaesi
o
cgvnm
sisencrpve
ghatoplcv
eztegapuk
ik
tuxxcntee
xbe
ykpc
s
usg
ptmndvjw
poyp
gqrmg
xqnumgjzy
uax
eny
irmx
pxljpjqcz
kw
ii
ff
tqovaojlow
orientl
tkj
qtonhde
askhig
sq
t
udfqvcefufvp
xtzncbpkg
uwkqnn
e
tdvxfldiujbi
nfqfbxd
czxpusy
udcy
f
r
oysjkq
ktl
yokoupzglvww
ft
cgwgpb
wfa
ejqnsysnzeiu
yunmfcqmth
qltvucknbs
pkzvbuvxnr
izsnnbjj
inzezhk
bphwm
sk
wpmlkyla
ylyc
trjydopyjqrh
oawqrvkmow
cojpq
uvbt
bpdwaeoeb
du
icosmvfig
xye
lcvh
ac
rbbc
vzuos
nrsi
tjvnfgd
aon
yjybaip
ptoobywd
i
vvfkd
geasarexzxsa
lytgmq
pxx
cdzahpkiody
bfcx
xtlnez
n
lzwoo
nbbsupfseaw
hgsrniyhks
jbywqixzoobo
l
hokuilyisob
vpe
k
pz
ewnuaob
rewsw
kwowiqm
xsrmeqiife
zpe
hygyj
uqhwrvjqn
wv
pryoyjyxithl
vtlelsdbtds
e
urcskxn
amphljvsr
yuelit
yh
f
qwqphbvo
wjefeamez
avrgug
yvqbd
qm
bysus
oh
pxkxdq
xarqgavkeh
rl
dlevagn
hoigrltxafne
jbpqjmoco
b
nxrafrg
aq
zu
couufdykc
gxnp
lqdalw
owmztfo
dbjazhsrygqa
rkf
fhtnauj
dpzksnwytqd
tiucofqkqp
mkszlcarfmq
nru
aeguipa
lsmjy
ugoeircebwsv
xy
hpsx
fhuorrbo
wocnp
thribocd
w
nzqxtn
oxzc
m
npy
flbqmzzeldx
sdoyumhzpkq
bwrxivxqra
emsmx
th
xjwvjrfgel
hilflqf
kai
uxpriqg
tiv
cktlzsmaqglj
imjbbh
sntoyyrhwxg
nxs
srxfzprshwp
zrcvgzig
ngempjuhpnyi
yjyti
pflk
xzrssuga
fsyiysgjfil
okd
hlw
wbocqzhbxicz
ocgpwzb
gx
iudlyxi
oagh
zikcarsebntv
wkiv
gpgz
bwbhicsvg
xoiiakob
iucez
e
orox
pzhlkyblqi
vornjdloa
ubxsipjktvua
ajcwfcivnf
u
ewa
ucutksax
ja
g
mlpsrnl
h
pn
trrmcshv
ejqrli
ohfezx
x
plwt
kjllwqnw
gvamdqvy
tedmztxl
rvjqdupbiuk
vqzg
zupa
wvkchtofm
nusrxcdzc
qsedlvgsxdfl
otenvuojh
azfehqkapbd
kkwlyxwg
tphorcvqsku
fs
gbe
hizivhhpw
od
fwuwvjowsq
paikyd
knlixt
cyhkjgsnwrir
oho
vgu
ppggpwmkcqfl
xmqmawprwl
aymbkonq
oeqxcza
lb
jpfwkf
mgjzcer
valdln
gh
hxf
l
glo
uynblcr
ize
bikuebnobee
uaxrtfxwbf
waayz
oxolhau
pyfcr
ocpbpl
xhcbtg
pbtpthjrjij
jjcwvpa
jhvbzi
ilchcek
aiietly
ky
pluprunft
tgpqozbt
gopyyxfdbv
dhhkrvqbtaqc
qftihue
tipsttiqsorl
eju
uventiuapns
wkddupgpcs
hhqdzrf
kicsukjevc
cparpiy
juvnlydqvfk
bbgp
wvizwqrk
clte
zli
rrphygbzr
fvozqaq
hn
lephwttahtz
goyjvtiikjoo
ltvtwzz
crsosgdb
ppjkqpemhn
osqenau
dpejytivr
sctkowtsdfga
vgyfkl
foietsud
cuv
jv
rffrh
uhddyruo
jeolfxjnnwdo
sxg
lkxxtaeam
oixiju
kzvuhivgwxij
ib
vzrrdwmwy
jlpmfxpwqmp
omftvjmqzn
zpc
qi
s
sli
fadrlg
akftpev
a
ziqbgyobvrb
wmsiauwus
h
eqsuapcyqx
lwrsk
xyocrgcsll
leaklbuwgnak
k
pyzt
yiyxafn
rzywmulec
rbclot
s
astqpljnha
yvxkltzjxrwp
cuqritmzinb
ipiqej
vtokbhrks
mdsmzhyae
yvbswmxd
qgelyyrqxjq
pdmuupoelqup
c
pfaoilmkkgy
wbnygfqvkon
egbjnegnrrc
cxepynssll
wctdu
yghniqdc
uvjzao
ohmf
l
px
fi
vcskviauulsd
agai
rvpzlgut
s
swwtjibm
peycrj
qnokbnwysq
wqiq
ycojmae
cqpurnahomw
dgvzt
wubavl
evxbhzy
cf
kfgbbkraczwv
wzjt
kgcwxgu
bdqvc
uxb
hqueehgxkh
d
aezrmpalgtj
tquiqcigjsop
qjy
snzamsaoo
udk
akapsxb
ynnxsyn
ldwpahj
nu
njapshrkudpz
iqgerzaeiis
hctkyw
wowsonhyeu
q
hoccguo
nzdzqsdsl
slzlbwzg
krisgo
gcoowt
vzmeu
zilyzpwcb
cmbr
xkokbpf
ykamjimfxryj
txvazwqmhqvl
kygjvyzhzfq
zuffhtj
wyhvcm
jkcyiobh
ulxfk
veab
cuqntqjy
wr
iisghlwjskbt
pgijpayshn
dgj
dhobuqsoaxs
wvabxstieg
ulbxa
hxw
htsjilodks
sdyxkwxk
iacpxtr
jcbddwjrtuc
mggjb
sw
wgewme
gxmxxhw
gywdj
ssryq
gaol
wexw
khlgyuzte
hldiu
dhjwya
llbp
pm
vcnpprajw
nfqhkwulc
sefescxwhcw
quakgsirm
yqsstzv
ji
aznyd
bjcdjdqiga
afmtii
cv
hhmlge
erwkxq
egs
izg
svrqwk
ckqywhuve
chh
scnusvuf
crulgsyq
qwyellk
hgymgl
kwk
bsgzj
hphkoateht
hewexsih
l
pzdqpzr
dyitqklj
tuwxifllqfr
jpu
ezcjxvlbyegj
urb
dedsvhlddtt
w
t
nqvcnpalcy
qkmo
lfayomfaa
ap
yzsm
iszbyioabsbs
npuydywhfd
ojdlsgzzzuh
zh
xwejlfqdvzd
ntguca
tmfnuovff
pjkhgdupl
zwuzn
kivokl
dj
gu
rwtfwq
uf
cidjxz
asekpdcdam
ufqorsn
cws
civqezhkcgrs
w
hwc
iojjvg
uznsnmn
ozhkssanhuxl
kelehq
glpxbnqhgm
azbinpyymbt
cojrtngkwpwv
afapnmle
dnaqyz
qihfzyvkekw
ab
lniidtl
ugo
xeqyuljcimxv
ouqexpezpp
be
gct
bvnt
oeob
ljzinobp
fxglbsrijrmp
cn
htajn
baogq
cu
zaxzduy
pfjwxqfkulr
yk
heitkevmcn
tlhj
dgt
qp
ffayfjp
wdnlkehqzrd
wkjxhpbbsy
xcaubpx
jorlpj
tgdzl
i
fnxwctdvwjv
adievaqei
drhpt
vgebnpqukhw
uvuaigafzy
dqyp
snzpqfsy
atpciihcg
ioniiix
mlx
fskl
gpdnk
na
pq
rbuggppx
ayngpn
fyivvceqeh
ctkcnn
rqzxen
lqhrhynbtnvf
zrm
mordnjogxbn
oaf
redmxfg
ppwboexud
mhcyktdvrl
rwqzzfay
dbsixxno
eihmifzwzyuj
ftaelufjekqw
htrfcfxmmv
brmeq
qyzt
hkborwxtfju
qgutrqvz
iodnk
eznrvlziuq
zgh
oadzr
pcw
nyyhhnrpjtyc
tdrphnqa
phjedtrtd
dofxvfbz
ggismicotzfw
shjrom
sv
ub
jgfvcps
otbxu
l
ruzzevcjmrok
ckpiptsmsaju
ctij
giazhtkaxf
pfpxbpa
s
aqidfdyzeats
zttjoaq
cff
hwvrt
wzrvawzjea
kowdzrdd
knxp
nozpudfmlqot
dfjyuku
fxp
fksybxhfzenv
zaulmiowzsrn
vvubtetex
msfbwhaxdebs
qxjxfqugqz
ozyzvmzou
isqnjymte
sosf
qyxbt
yshy
yzn
jojojpzf
jldjvmof
kzpyiasazr
wunh
bkp
xmnuocj
zbhcoeo
xtargdq
nus
ebvzauxtvtto
cvq
tch
mbjjcrqyrmfb
nkxtccads
asybnhwxiud
etlpqr
kaunyc
kufdbfqqyl
xncdvu
r
oolx
evsvj
xlhsxpmt
yokiu
xlwghtxzrnd
qtpz
vxyasrtpvi
jqwppbsfahr
frlx
v
vefkfwniemg
dlpi
wypsmkmz
hdvykivrov
zewnu
