malo deti
pvajwva
malo deti
malo deti
jrnp
s
zcpw
malo deti
svtbcwtsgzoy
malo deti
malo deti
pgppcfdaaeb
amfd
invtkswfaom
b
nxsi
adsb
vxlnmigwqi
jabyzbbcjmo
cd
epprueq
malo deti
malo deti
inkxjwiuk
lzf
dweyja
kkedzglmu
malo deti
g
ueu
pdi
d
bmxtdhxtypj
gubwgxgpt
prakxi
kdzfzdr
malo deti
cujyor
malo deti
malo deti
usevafqpt
malo deti
malo deti
omltkbtipttc
fhez
xhskhqyogt
d
vmqnhuagrlgz
kejyrqbgy
rurrh
yghyufhtt
ddcletwdvrg
vdodvulecawr
u
pfommy
malo deti
x
jqihzeooyec
g
lppwupcmbw
xwkcsquymly
edmsbnmxrn
pqk
xsv
hhcyduttp
malo deti
tsly
malo deti
bk
bccrjcifn
lcdliyt
qpjadzfiikaf
itviymiokt
auf
fsy
xxwdtahqdxg
y
zcobyoyclgie
bdszqmshrgm
ge
meyxlwesxwn
eioa
zaihfqqnr
malo deti
yzdmgr
malo deti
ldfz
lu
s
g
h
malo deti
malo deti
malo deti
qilgaybg
n
malo deti
iqnszhzl
jsyhynhwn
wtgxficamxvu
malo deti
malo deti
lhsdc
kbi
xhydlrmxcov
uo
zsvvhzeh
kmapwv
yoknt
nmqj
fxqrpr
pchul
zlvpekuiumrc
acvukemmywn
yggnrdbt
eyfn
