10636557 27672396 47078745 55864368 62202787 77075895 84129709 100430731 111067287 127821455 137870912 140851163 140916975 144503398 200754915 204029335 210638466 243848259 279545443 281452066 288698606 292374195 298311343 308007918 407230447 472997075 486270065 510795882 536789297 588020816 591615306 605337260 635099560 646571319 655366297 656604772 668691200 747427762 753890669 818570737 847326233 858969527 864957956 894405318 916551625 916933727 953587779
