82 42 9 58 89 78 73 35 30 65 82 89 40 86 90 75 80
61 40 69 56 14 87 70 72 19 12 30 83 57 17 64 8 35
27 92 9 45 85 7 75 57 69 73 48 28 45 24 30 36 47
95 81 90 38 100 18 61 32 76 93 60 34 11 55 7 32 10
32 50 49 15 93 93 97 85 43 12 100 46 64 92 34 94 29
13 76 5 51 22 17 89 85 66 32 33 89 91 30 60 97 47
1 53 59 49 60 54 15 21 14 70 22 68 45 75 69 52 79
8 62 91 87 47 4 77 72 82 5 54 27 1 46 44 69 52
36 79 17 9 64 37 100 24 17 5 38 15 57 61 9 3 73
3 17 20 68 34 32 56 60 56 75 8 88 84 49 62 73 46
51 82 36 46 31 30 14 74 62 44 31 24 43 90 20 53 87
50 60 58 70 73 77 29 96 51 34 2 48 46 100 94 92 99
29 29 60 88 89 98 95 29 27 93 20 70 66 6 79 36 53
81 8 27 55 27 14 72 1 19 64 55 23 71 86 43 82 22
97 7 38 59 63 28 46 8 34 61 46 7 31 10 100 50 83
70 60 9 37 3 90 39 77 63 35 83 69 63 69 70 21 46
91 73 55 59 29 88 40 41 55 30 38 55 11 76 24 93 19
12 7 42 69 11 88 51 22 6 27 15 80 98 7 27 19 34
10 19 22 79 42 88 42 54 87 69 87 75 42 21 67 16 67
93 8 85 75 38 3 29 40 78 98 43 92 25 33 84 2 73
