16 55 103 22 100 22 61 93 78 89 88 23 74 48 56 21 65 26 100 107 
