10 36 37 12 53 11 21 71 105 24 18 56 71 85 72 61 104 80
