1 37460807 39832140 40996304 130234522 136263682 163516801 175075542 210155775 281102414 282586083 307714423 317807284 318444716 347164251 410158395 479452029 480511944 490669853 506005959 508096903 509081550 531454848 559320197 578101147 591032432 593327244 597447521 618530367 626498581 629750334 669343039 681832830 706804314 723231880 748236902 786811413 836310980 859554281 867290018 901202659 908286321
