10  6  5  6  8  
16  11  11  14  
27  22  25  
49  47  
96  
