3 5 7 9 11 13 15 17 19 21 23 25 27 29 31 33 35 37 39
8 12 16 20 24 28 32 36 40 44 48 52 56 60 64 68 72 76
20 28 36 44 52 60 68 76 84 92 100 108 116 124 132 140 148
48 64 80 96 112 128 144 160 176 192 208 224 240 256 272 288
112 144 176 208 240 272 304 336 368 400 432 464 496 528 560
256 320 384 448 512 576 640 704 768 832 896 960 1024 1088
576 704 832 960 1088 1216 1344 1472 1600 1728 1856 1984 2112
1280 1536 1792 2048 2304 2560 2816 3072 3328 3584 3840 4096
2816 3328 3840 4352 4864 5376 5888 6400 6912 7424 7936
6144 7168 8192 9216 10240 11264 12288 13312 14336 15360
13312 15360 17408 19456 21504 23552 25600 27648 29696
28672 32768 36864 40960 45056 49152 53248 57344
61440 69632 77824 86016 94208 102400 110592
131072 147456 163840 180224 196608 212992
278528 311296 344064 376832 409600
589824 655360 720896 786432
1245184 1376256 1507328
2621440 2883584
5505024
