6 15 27 20 18 15
21 42 47 38 33
63 89 85 71
152 174 156
326 330
656
