77 46 116 95 67 84 112 57 73 116 104 87 81 116 105 115 54 88 19 75 110 117 101 37 19 96 102 115 101 79 110 39 81 31 50 48 101 101 54 97 80 73 102 82 108 111 31 59 82 23 20 
