48 108 96 65 40 40 94 115 43 67 27 76 27 99 47 87 22 29
