60 44 115 68 25 98 118 80 116 76 71 56 54 78 102 92 72 120 106 36 48 65 53 42 86 96 94 66 117 118 116 101 75 88 66 60
