21579124 103242638 113413885 133296075 550030335 644650143 651336702 654635642 908194663 916451074
