1369025 98841679 110894000 123061465 136383015 157231015 166253100 219457287 231853389 286660910 308210626 309579650 342146648 372134692 384759030 400957120 429440216 437862966 462866101 476178569 484952698 498531186 504242649 518985825 519159336 563890862 575020247 581095671 582866576 616520223 632140367 633922141 654291871 657320252 682434465 694059125 724757223 726424798 772013928 783114562 801402404 803656426 845413194 881971296 881988238 890402699 931334506
