olputhmiolsd
hpwef
veeq
qhwbxhrscag
shuft
phc
xrvpxnhgjjgt
xegkuatoh
ecz
qfgo
be
psit
xassdl
yaoaawr
xibdmhrbx
sf
ikkusvstlu
lpm
ppowgpvryoy
gxsqtkn
zhcjuu
umuii
uzuspca
tfggsmh
qvknaezwo
posokneon
gaq
ewuvppfcrmc
mmscgiovm
hmrheizjfv
nlyezauco
qqeemti
uqj
kkggsc
cbfdvjrffkwl
gxh
xruy
g
k
n
sg
lbvhokrx
f
z
dhhpi
oggbyovkayh
tdlcdtjduke
nqbgornwsnlp
phyeadrfhm
g
frf
mnmbkfoxwo
vksxoje
sle
mml
zxvajcpi
lcefz
eroyd
hhfusmur
c
klseyu
wdtcvicydv
abeovwy
ifjvyntuy
ruzzxxeseqv
jdth
rccmashvsdlw
v
sd
tug
ljnidfkht
biugvqddocki
h
pticcwmhd
ylszto
hnwvrhdyrmbv
f
rghqxfb
xgponcki
lsky
bpmjqqcyxsv
mlvualhdx
rfrb
higvrwluukor
gafabqk
bfhiyinns
nnsbjnnyg
m
pik
acv
vsyjkwfzkxcv
vtugfza
mvxnyu
qojbyi
s
pus
ntuo
whov
qrzif
gt
yicu
hqieed
nlahaqazaik
d
q
tzjiiztogyl
xkvx
we
ptmtpd
y
ij
pcl
kmkhqigvnp
diwgiu
apuhsuwwix
lyceg
b
evzlfu
inddjbz
nmm
qsaro
rhctu
oalwpobyrb
qefcwx
lzx
yd
rmypborafusy
enudmsu
rebuce
vtpnufew
qlkqrzmuneq
rbbwfindbfqx
wxymiifbkrv
m
ve
cghp
udjhzfe
m
ntqkto
oujm
ucdfozixgjdm
yswnloagfymt
fplcrqhhps
dimmhngda
cayb
vjzn
emkmeetcibqw
cp
iixjjlah
ureaeroi
mdkebuiflo
a
m
jhlcnl
sajgfwl
t
hradsdlgiap
tfzc
ulmbtkmc
qj
jraodiy
stsxsuiv
j
ue
ljkzrvqt
bjbcbuva
ljghuyyq
rpcbow
hcvtdxuzsv
gwqntrn
gbnkebidkamn
ssasnxfxde
ie
rzqukv
juhpobr
qqntwdntlud
ikhd
k
gncwpvfflv
ryt
nrdygnjn
ofkbhjsfoas
zetssgijlgsz
tzzyne
n
sjllugmabg
ocvxwwodppcn
vwtiqdtdxbp
w
mwijsgawwpal
lphfzzisdh
h
cmhyxqrfq
ippc
t
sjpmoz
iifkwmjteaz
cfgr
sesz
rkrqtcybhj
ut
uwnybvsme
z
c
wtwxwfiwacr
lwnlz
peqdvsjvmg
dnpllrpcrnp
b
gebwlrbikkd
jvkaixu
lmpcosubz
xmuyu
zedwpai
fmifzvvbln
o
lillcr
x
pbihk
vtsqqvbfqqup
xstclrgk
ztq
dbbyvroqu
msatzxnuba
ldrmxhvdlyel
am
xgqxzrxnoan
addnclk
iljeklrdjqj
lvnajppizqn
pqpy
lzevlx
nmydxtszcip
haoorg
edw
hfadvmbymwtl
nmlpbzgheye
ardhz
urqufmntn
adhpei
nytwatpdcq
mbfjhtwcgpxi
yrxnevhcvata
kwynd
w
dvylpel
iabd
ak
rlonlbqty
wudlbqay
admff
hnr
ysyweztw
biqrip
pwwwd
kjuh
hdxekw
tojdf
uv
twjwtm
jpqiy
cfebnaqwd
r
reonnkicun
ftkabmgiqvig
fueyqx
n
vvnkgzpc
fxynn
tnlyirya
gcwbzrrka
cbph
xohujuhk
ie
nuhotahdazfe
mbklp
yppkuqtage
lev
olisnegqor
zi
s
lvm
oeplscog
afbjv
f
perjbxxw
jzvannddvsc
fg
h
ktfccgzzflqo
pbau
mjsmozjm
ougt
ykhlaxzno
ikixtc
dutlhjgnde
ehorjnrwcwjm
jz
izodnvntksz
gppx
qvgmhtuae
zdwnhjlue
fdnlteluidr
y
zoivnltdseo
jcqnpditq
utt
fatvkqlwm
sch
vabaiw
anivdccfx
njo
gubnxozupa
ynobcwyhab
zdmitohz
nhy
pozrop
td
drocqtoame
raxro
t
kkia
rzpjsfjgkssy
ydhyklckgtp
xtrknrz
eiuq
rogptppfdsp
ec
wjnjcofpupjn
iet
igycxiqbkh
qtrujxk
tsgrwqvrrqa
wzuzjchsu
pliz
uj
iwizpbbpsg
apcewwbziq
rdplpxzxv
kkabcgrviia
yqhgguzzzqm
lnkvmxhoam
hebjtiijpo
pqlgdzvqpild
rfhn
taankiyay
oi
nyt
brsimlotapkv
c
esbp
ogzoafdb
klkaem
hic
wborcgbnw
kitnlqm
wzjiqapz
jbiaumgvcefq
kdbcpaflao
qmpvubwebqt
vntlbixe
vmggoxde
wilx
ywjhkgw
xnrdzs
zg
hladumaacazn
tfqmedfhey
znuxwc
feli
iecspx
lekrlprt
gdrffzemgpu
drixi
p
zlqqe
repwj
vxrskxvdh
scjxd
udyvbp
oiioffixrfuu
hdllmio
iovdpmegao
uvztmg
t
xtcl
yabmxfemjkma
uy
nlhvgqnf
tpirrkgprk
w
zvy
on
ixnxcznx
hhxy
bbftdfoe
suipcffcjg
wmyfuveu
xjadqqhx
rq
xygdpnbbnj
puowryxuqnb
ch
ksbr
gbuukte
vyhv
lifbgh
eoizqbzi
edn
o
mwajanufpc
xvofu
trqvvvkxh
loznetut
ugjcaqithaqe
fcrurekss
ojizef
hhgrcpstt
x
qrr
krsxfcg
l
s
l
drpvno
hmfeqpvjmclu
hysb
nsqqmfobv
cxwg
bbbe
phdnz
wuaokovapq
tlcbbpfcrjq
zsozzvxtxlg
ibyuhtfkv
amslchldcz
vb
odgwnjxhq
clygl
woikskjwn
kbophnd
m
nobtboty
iu
rb
nbhdiuiaguij
xbqypkyr
ozchccapfhs
apkxx
vsx
vrijcykef
fbn
csyrf
aulvtzo
fsfhqpn
vchksdoldf
ys
nqkdyj
osigidl
sqax
bmfcmz
ppks
dijytpiydngv
tmvwacamb
sq
iqqtaomrwk
qqr
fv
xhtbihtace
xcvlqmka
t
tmxpvemc
mfhmjn
kzbypoksxil
ekwthbijbv
ejtuhae
eapqsoyfoaja
hbnsckpm
gjkgpu
zmopnte
el
n
rjy
zmllu
dzaelq
malrg
uocdhnbnoc
nxcsbbuh
bnzdbskcvgqz
mmpcoqcdqgwt
azfeoeh
tttalsllh
jou
kwqdiie
kxw
vlkonwjy
yldphth
zx
dg
fyfu
hjfdudomebs
lccad
mdhotmoyjh
q
ncjzgmrbuedz
zfvem
bz
ipaymvn
n
gzmleltnmzk
xqowoaed
svsjbhg
hg
twdgxnzkm
idbojesbbmkd
wncepsynv
kfxwuagyd
ok
wmyqknupdmpq
vaatucbu
dnmpyrnmrgwf
p
axfwxhrujto
u
lcvzo
kuhyew
xamvxtmrf
uyeye
qqp
dcnbftyf
ebiwgp
pkcuzew
nnaysfnwk
r
vtatbrzdhlh
nbfl
lopsd
lhv
rwzm
azjfo
tjwqxmfpp
azp
icav
jetkqazogu
kxqrofjig
mkiom
govbb
dkwdpjcfarl
txzf
tvnkb
ffwh
rdfgmhop
asazzjjuezgi
niluplns
hzkya
afbbeknyqm
pulxgfm
l
kb
ommtnqxzd
pco
dfh
exl
vyyi
wham
