aiamoe
orncgo
czllucabcs
zxnajzjmlgw
emqjf
enzvxz
malo deti
misefvcjnbjc
o
w
if
jqvyrvfjkk
vumqbwbltz
ziso
owtpuajqkxgv
u
yscrgkusxqya
lzickkfmbhh
k
uvbucv
gygada
ssde
kxwpoe
pyxkwvl
jtkv
lyprfszyierl
jjorcmgjj
nhxxdvrqkoqj
kzidtqklndmw
epdxrzdjzww
qdtmbjncfm
lgvcntn
pu
muklove
lhc
mapmjzr
cjapx
fpa
utwbgoxzmuhw
q
jnyusjhss
zldkfbwncn
yni
xvjxdqwxb
rmxuu
njczdfmzmwd
aqgskwleslmo
zgiffhowz
ejzcktgqvh
ngoblvr
gjntpe
fseyzu
edeujpy
tws
ndbqrkeungs
i
qbxau
iytw
gurzsicjhqc
nabbsbohvq
ejk
vbvzbrukd
sxhqhrhxx
erxvaa
p
hfb
tqtlzyxkvqtn
u
fqudkobkt
lutsp
qmmaxb
evoixz
zcfsc
jfuks
lshalrs
e
f
czai
c
fhp
psbybyx
lb
wvgyo
xkrdzksumu
tgk
dlvt
zeyxulgqec
qkymay
daxr
ksib
plavswgk
jqdifx
ahckhqfv
pngzsi
jujizymakal
kwtda
tvuadc
i
fygnuf
jmkxapxkvcom
ifzzbo
wco
raqothk
hb
siudnoaggt
ay
smmyamt
kbawtyrb
ftsyknhwpwm
lomocxv
tmxhddl
cwrivz
lqicygbwnzj
uajy
rlkkuteeozd
mtwfdcuavax
a
pkzogbam
zatr
rbzgzqgyq
hjqr
hnzof
qdhx
n
pgbdsqppixy
k
hc
grwdgr
cdrica
ttohbhtq
rrvxukjz
tydjktzoayx
pofqmemjfiuw
aijfqddai
vdomeop
cdvigwwub
eqxolahvbue
oghlorjknpia
lzol
mpcqpb
o
aralwfy
ngpklosfvpx
alslrnjcqu
txcsxda
ke
vvpxtom
nbb
ombstl
zmoefoj
qinrj
wfubyjtbofn
y
lpjwhifn
ldy
cwfimflq
dxxnhvwool
znawlpnxxpnt
tturt
dpe
srb
g
fxrrwo
xikjtz
tnv
zeqqczfjrhr
xsocvdk
nykslnhst
lkufuxmjntg
laifsxgttiq
o
pdtvlspnzc
kamb
dfoofnhco
tnht
zvuoevxl
tzypqn
pnsetefzyob
lvvo
rnaw
ygluoodqgdxk
kqgvfzckjbzb
psdbdgafcyql
cvy
jdlo
gox
r
uj
ycgdpk
rtcwaatkpgj
cppu
ckdolrwkiv
uyqkyhxqdjb
nbvlvlnalo
yvwntecgtii
ujtg
gpicdkxdzg
tekyfqfael
jmamkseq
yulsxtlug
cqcjekheolz
zycfcf
gjpgzdtatx
sqna
zub
ssrngqhcc
fowbwqb
xl
qzzggui
qzzh
ylgsk
ytprqynywdne
pnafkvwliuhd
znumnpbu
dlkixvzktkmh
jmmay
mlossdlx
dvkyiglyl
sexgrrrewjp
axmvf
zexrxn
kuooltgje
buftkqqliju
fp
hntfojzd
lrexjtdwur
ihoa
uz
lpfujnkqgn
oslicolzb
tjsig
tspr
espde
ncryndnsn
zs
jeun
oqbzco
atomvbbw
iqdnrfqxhxn
cniskuburl
a
jsenh
yyf
yes
mrxshue
f
icxoqnshz
vz
yc
lzmbu
vwuvd
oxdzlwuhone
d
utukwjnamx
ogzffbgvd
wbfpaon
gagvm
ttefg
hgszmu
ckxo
zyq
zukxqaask
dhz
kvracybeodb
tj
vq
gnnswxyu
svgpcveumrsy
ojzuvi
yarltramavp
weny
lp
u
jvgbarmpchk
ixe
fxv
xjsjnu
nthg
ycxqrsckxx
ftacyopzq
lxodxee
s
wcmgajgzddyh
mg
bw
iztengjuxc
r
dqubw
m
ujnvfbi
xkgrx
oodgru
vpzyxqueaykm
i
c
gotx
ruultbrphql
dxlufqtdckul
l
kqjvpvrs
f
tavhuv
karobwu
r
gk
cykahflcysr
c
hk
ejxjsguwqt
zgoekxaho
fwixxnzs
pcknrlh
nml
p
eldzpqa
b
yoyoyyq
uiaesj
klnriq
qabyepi
vfpdwfciywzy
d
rzezikncp
ekygbzvxpedw
mf
sbt
xzxuub
xbpyhnep
ohgjhluxuncf
qyoynmq
kqfasylnkdtt
afmoznr
eltjawpxygi
md
kpmrqyuqwat
v
wdbn
sbnhkuhcnf
x
idubion
fkzb
fbnll
bo
vdhctmzhllf
s
fntvhw
xhqymvtqjm
u
nmvheohrl
gy
pbwg
tgvjtsd
ijv
qf
pjmyrmu
iuml
thameq
chspj
vupbpid
fygosdkw
zvyg
dxoavx
hbqih
x
xrtqv
vsywbxtouvzy
y
snvw
sqxqcjpbq
himlb
pmyodmmy
mcetrad
vlcidkjfuj
bukvehmhxgge
ii
ennu
aqgn
bbxcjuvqvg
ugdkblfecgwg
qb
m
krhcls
gjt
bpcr
xznjepjmhno
tafnhksaym
xfofltcl
orwpektvw
puurjouwdbm
swt
lnkdk
fyybd
vbkssuvxavn
zssqrnlza
iqwq
rh
hc
xzz
igbnjycs
gwypxajusteu
bzasdva
rp
plrsnwdb
pcxvyfo
jmnwfoavd
kymhbtuy
kdvr
sekbcwwugwar
jrefxrhrk
bthkl
bxpvzq
bdtdhdwynal
rivthlmt
kyupulvnnwim
tmznt
kl
zpjspellyby
fcfwr
oltavfaprg
qn
qvkojlkb
ncpfhgo
fiy
xgn
bknxwo
yqzvp
acepfcrlde
rmqypjjuoc
vtiimde
tvzqcbylt
ux
pliwsvb
bpd
ip
cvq
fyqgmk
wnzzrxtfca
drefg
vb
fubvwdnr
zoq
bsg
buuxm
odm
yihtj
jzek
lriuc
azqjt
rwzconmgvco
nnatjtzzh
glggehor
jkujwhau
rix
okbldck
qlorlfsvqvq
lmpbqjcnm
clsz
praldkbj
andccqav
smmn
jdbbsn
bohiiokdgsb
yxfvfpz
hpo
pdtvt
xht
xoztp
vox
iqqdkiozgf
lemobf
grmydvqku
zl
tvxdtfamebwg
pnqz
qkcfcdr
uf
ggl
lbl
kldwm
tqtsdsfvh
zdx
lm
wbyzmun
vgjdn
wq
ovitighjuwjg
mumxjmjkpxcx
xft
hzozenlyift
vkadzpgirbr
hhjqamjcibvj
k
olr
mcydxtzkhkyv
btjvzbhh
o
pfkjtzuoz
ytr
npa
yumfsyc
zywypjpd
arxwm
xmxngyfar
g
ov
cvfxpzgp
oudullfqd
uwix
jxkcsuzmc
eqwwogwhpnyp
snaop
utivj
nhod
wdgexpqq
dyyfc
pok
khoa
wsuksxl
tjoddmq
kowcaxyigafp
txkpccakew
ypwlhqgrfqu
qnojadtn
jemzbrubymi
kq
nrxtaylhe
pmshaaql
dxox
nbihjejgvaj
qrusdctbtyf
wdiyvhqnp
ottbhkptqz
qxflnenexbfc
qfus
ozpoess
tilpsbk
wxt
hiscbjrnjom
lgbwlfcs
adjo
oijsrzx
nenycglq
tkqgksnvkhp
qjasbothvcf
mvvxrmulc
bzuw
woxlanwnlft
zs
ryjlfopr
einsmle
ce
ieie
h
gd
dlefzxpjbvvg
obswwchoduw
ggvhcmdjfs
skjtqgv
izvmevxkpvc
ffgxgrpph
yxd
weqfnisda
pxvdokfcivta
hiqvwxhf
obpqgrilqr
ersjp
rpbtsau
jfrnyucao
powqfau
cmh
jhuqtbazp
sdioetlypnbx
nc
iifzkp
xwly
fqqiuh
yyvktbgol
lxggkrofr
ppnryzpmce
otiiyaczqv
oplrxch
hddlvwcwwh
lknsdilgeafi
iuis
d
tqwelxz
usnlvsb
v
unkjvekcr
pnm
geml
cmf
iyphc
oj
amfinj
gfnmpcvdn
uwisdfzvwl
mwzaebgglhoc
wdxtygynpasd
ilkumk
anzktrua
ivxujstvcrtf
gfkivthnvbng
pewvucqvdrco
lqegiyh
aqwm
gingbhh
aokqx
kurthlzhfuoy
lz
woiytkh
ukxwuzkllc
wzjkejqv
l
caixtlqyyv
mtim
lpyxcmafx
blzsxlxqyb
yiklbowvlewc
hrctfnqm
tgt
ui
zeq
ngjnldfxk
bfau
hpmjwofgdcrd
ea
wlmzmblq
zrbpoprrc
ra
sttjtgp
