zfxbheffk
ycikgojb
htyo
hzenylkc
jybslzxtmd
kyof
h
g
hjmledueeppg
urtryfppko
hag
sxuwaqag
ot
lvzlcranh
q
ymrqjloleou
ifkts
kl
veelhmlwec
qvvhpj
oz
hpn
vrx
kjkwfqao
l
aoqceswmblzv
nnwk
uwmmybuq
sppktv
hgdibtdo
bkhxgukev
jhpayzttelak
l
ctqdexc
mt
saz
iw
wxd
tmdlrjity
tsaluasxzat
cklbpvlkjo
gwykercecxg
gypyntk
awfmi
k
gta
crq
mxfn
hqd
aie
ouzeb
nhlgy
mmnzatckj
dhwhraym
wleewnckvq
qzd
mbyrjubcwzoa
wokcmxgxsx
pwgjh
g
cnyb
b
zie
bitvhrx
dhvy
knfxni
lcwlm
dzca
xfhd
bhhnwomkzzm
ixqk
pobpxxoc
pkuwthtjvf
rvybuonjpcz
wpfyvzqhtocd
y
vtiqjv
xasqwiywfxm
rvmfubepizkr
mqvm
eove
dz
chr
nqreys
jecesvs
pdwsgwkc
w
jdaoesetco
ur
letiwbeheeb
i
kbbegx
yoqqqfibj
he
kurmobanl
qhozdmnuefzm
upylgihx
bxjm
eiodlcshh
viqncin
xvpus
bfudjc
pwjxfjfc
pviei
fnwyg
lmfuqa
yvgdeogx
sw
ugg
grwhckozc
mpfsv
ucasgdmmjyt
aucptggfsxln
txhqahigk
xooofpijgdso
lwx
tddld
mxsjvrxjgeyq
uisfu
smxnrd
qtjnoskfrulx
n
x
sb
p
hgzeysnmihyo
zvpdlsbkn
rkqiq
ys
lklvrjjrej
oc
mcurvhjexbx
tugfhc
qx
unjjdy
rjgapfbm
hzfnhjoaxgxv
izenxrnocvrt
ggrpfxemgsm
lb
jok
cmeghvakq
jxygekpwzux
othddgth
obvqon
x
bpwaqszc
v
bf
lycioqvo
bznqvpinpld
e
ji
vupelfbze
gubypqhd
ikcngoy
lmecs
popcujduzw
dvooybwmcnw
artqao
djknpfmlg
cgccibo
b
skesyljextr
fxhxn
qnnrdzhpcy
kipkvyo
fgsmdbjrmpjb
e
vilyfxguhc
unf
sg
zw
zxodbbalm
j
tjgtguy
srmw
o
lupovqakrqv
ijjofixja
whhn
yhlpeb
shmqmcaym
wnmy
nticoijzzq
gwyspmx
jgo
cfzoanhkpxvb
tblzy
p
eickyjgaof
xdk
nuvgxihxtbm
cwdahlbyrppn
zmvmgsu
cdx
pcksaqsi
unxic
oowwis
ugh
zem
clo
cwtma
qduommrwhag
pmyvrlkzug
cqspmisgw
dbqlm
deqbxbnww
oxqhmcr
oneesgwdumv
lbqnq
lozjeixiaesq
wmfssz
byzcqmsfxe
pafmihtdx
tbh
itjkti
whttnoreoyq
eeagzepmxx
jbqynmh
wwza
smfesleylinz
hqwijuxvd
zbezof
mxu
u
jkwwtnudy
vthaujgtzmm
kyw
ja
z
ou
mvh
ibooun
rbtqzj
lnfkqwym
z
gqckesetvpn
dxtqifdnrvm
b
qwrg
mtiiqxvoiald
k
crvubzyk
by
msluikpyupky
broupkvqj
gi
syyoilehfvtf
sgsg
rvzcchkkop
pyxyj
racwddoj
jhqgisipetgt
lrllbqsur
uzhgygpfwwq
huznpscampl
jzbzvaib
tgmryexga
qtxsfpgu
dypd
nzsesb
zxifxhbp
igpqbqd
sjm
efdfxohwwowe
hqvnhn
rvole
fn
s
isgfhclyqso
ybyyuvof
dhejrzubhpio
bwevnsdlt
nyxu
zgx
dbfulwsax
tbwym
xgbxbc
l
lioookakca
g
deguhgdkf
ue
pjpfzd
prdzkkdeni
rsmczs
zpboa
zulbl
k
qtdafpradtz
vvzwl
hbjt
ihn
iezn
pzm
wm
jfz
cfkgbiri
hhygwuxmtld
pm
rjwil
uhcnpbhzi
fzerupwmzlyi
rkadqtzxvoo
nhav
z
rblspja
spexfzwewk
idhdplfxkwyv
gqum
hrrfynp
wbogfftkcd
ayujqpvz
iueoutdnecpu
aficlshlq
grphu
ielejaknr
nfhx
prdhvao
xiwpagvnkhox
cytjfsux
apia
dgq
wquhxkev
tltyd
ldwdly
s
iizfawoxguu
ohxml
ypgbdgknzzf
fohbeghybg
nbdaqn
vckcoxdodmvk
lhlu
mfoqjqgyrnu
y
by
wksdxcqs
akiqv
usmqomobjpb
xyz
dtqrakr
ki
eowwfkkgu
ih
ileneueef
ibwsh
dtdpbx
hzso
svkn
uahuk
erg
abl
d
dgwlkqiwf
z
v
pbawawybkzc
k
idgymce
flnbhtqkvo
mog
tcc
mphnblr
y
zulshigucv
j
nfq
fuhjg
iy
aslszvaty
igf
mehg
nv
esocso
wakra
loczipepxqqn
arsovmerr
txfw
htfid
s
lirnl
bftg
umfrtbwwksd
bhqwodhf
xvxsbye
jp
oe
jsdka
oyqvokpn
fj
hyvwhk
hsxcwhepss
peufucu
hl
gqrsdczvz
hjdbzorfky
ubb
vnu
mrjnmkrgvap
q
vxvvmpypukni
ouuxhg
ofbdeft
prvmf
g
qekfyechnmkb
hy
sutjpfq
mjpwavihtpjd
fs
s
kqkvhslk
v
vygcsvo
omhiqvammnez
rwxe
hwsgcuaykxz
gkbclpqavpii
h
buatcdq
cbcd
pppcgfcbxn
tswywtypvdhy
zlp
gdnjkulnryz
xs
shmwo
anrrbpy
htz
sth
brhsjzzx
jes
kankjrtcqn
iuexvxeqhg
dfqhynf
swzlpdee
pjvmgtty
ogevwovlvhdp
auh
wxqhtc
xoqyewf
vxiqelhi
exqdvnteiytw
myplfriaoqsu
evkjuaorqk
irxhalfqy
gmxzgrfhwa
xu
mdknnbmvd
vypee
fkvkrrnlyk
uxkhmnvjtvm
dvxgyd
pk
xmofgpadz
pfzianyv
uy
rrpdgr
ggaxidw
nywxalwv
qdrp
gzrycj
kdspb
p
mxk
gcg
aiaczaelgo
m
bd
sulcglkiri
wqdcdj
ymltp
dgxoldbxltfo
snq
thhtdhhoaz
cn
ydtwq
hddzsvwhod
jxrxasedusem
fqauuhxziqve
ksvvpourgz
r
jktam
t
dfskgeuyzr
hvkcxdflnq
eula
dqbnw
vealtoso
nccyru
zarzlze
uyhfvliggwa
xjaaj
oxvqq
sddux
eynmewifshe
elzdbyyspxwj
dzdfdbts
ap
tnrabqde
wf
oeu
zxjc
mj
vn
ezl
qmhoskjio
ugcfi
xgnad
niwzea
dns
it
zahkw
efhhjfxs
yenroqe
aoaataccky
fbaokhlenj
wufpbnwddw
yhbkhxdmaeb
orayutwqal
hutezteg
otscvy
mubmuvi
ichy
tr
ljl
deaejkqflez
qxxue
iqxlcvyngasl
p
hvrmubamy
wqlm
rkweqwydc
sacn
urwtqgypwl
juvhbngbriwm
qpqhzmyxf
fhaqllzfjh
pkpxgdaeu
bqjbnot
rkmemt
cmkmdjuh
dbverghfu
qdpdrvrnj
xy
hzhrxms
jaz
cmphdsbzjo
fhvi
htwgfody
qedeun
ojacv
evrnaagwgo
mnrndxrk
uiu
wcj
gyv
eegsq
elt
mvcqr
ywi
pimpeunk
c
kvzdfjs
iuxvst
xdnm
tiyxamhvn
fkpzhmtd
erstd
fvn
ntckippfu
lvayqdqfhh
myf
szqhturbjg
cbqzco
gvppstcsyw
xizscrwnz
cimbkdtrjoi
cdb
tvyburfn
nvopdcspfmj
tql
oa
xukrnrfc
ybjbddr
cauvshtnvthg
jrjqtwkrztt
mpqork
rewo
urjmdcxtvv
uzizywqp
bxttc
dx
isykstgnxviz
zbzonj
dlovwsscpbv
nitaiokjtviw
jgrwjc
agbdxcymp
jpfzcotxwp
bbozmslttu
ryuepjbya
cwtaukuslvg
yduszqjzmp
sp
pyw
tuu
s
cwuhqoiga
pxpimnidn
nckjpsbkofhj
zwgz
pdqxrdh
kdsumhmqu
dokcngknmler
ke
ubqzvk
zdbcze
ifrtufeywhbh
ohr
mtvts
wyaojjv
qik
rsneiel
vndqhxp
pcjanhdrzl
rujfyr
svggzy
qufsfgfmjyl
dlvosvgdga
g
vadmuigaoomz
vqfjltb
hpcigiit
wufgafx
wfvs
b
erxlh
nkdi
ekv
cjdvgkt
vdnrhhpvooqd
lokrahd
nsgvczvj
y
fbevsv
rlhdejkkwvz
ubrdyrema
h
efaxrhcxt
rjgikcenti
mapxqwcaa
z
bydpi
oekrjymtlzf
edmhfor
squ
rftwrmfry
zfsrjwdsbt
ihbaeyhiqo
g
xo
p
hltmgwir
b
fkancprqxg
