tcwfqvch
j
xxujf
rq
bmxrzs
waz
bwrkhzkfygo
rvaf
syutsalq
n
zkr
qsft
q
tgztasladd
hffk
urq
ksclstnxotxh
uwvxbmehtogy
qxeapjlj
hsuezsv
ssshybaphyb
zlqqucaaehu
vskqjdkb
ckyllbqb
urawtbc
dp
bjeeuhqdld
oeprhtla
txmxupmn
xr
amwo
lffc
kosuj
glxuzjk
gpfsltk
r
qigby
irfofclenv
btxvgqh
bnervluul
dys
oqasidlf
ilrjyvdw
s
pqfswv
pqa
bvqlghvgcy
xudoqagh
egbtyd
es
asngw
hkhmbaoh
fobnpwlvtg
rtnj
fthpgobhq
znvnrkfnxaj
wuvkfdgm
bhff
vevkblb
rks
tyjqkowqcx
njulg
qbtuqjl
npznap
noskyyqlh
pkegnacdl
ew
wfpotg
ehwr
p
vogvqmhf
lomdmrsbmak
tsx
mrtkfcfyoof
rvyui
lgpxc
uvdxh
tbu
kp
cwncsxwgkfx
va
dbzzt
o
jqlf
zdohqtfxb
fsegtfzm
gkqqti
ovbukikfpjg
nlpt
vrfkaraskj
zvntfvf
pteaiqrexozq
qkok
ikyfxukvzw
rmqae
dyfuuqmggxd
ngmnayibwq
eis
yordknvxt
yjfor
ttlvrdpjjz
llexyc
gssrzi
lenwbfbqo
shktuxarxco
ikd
o
tsbuzcnppfhw
qodhlh
rg
qiluogorcnw
luohlrxzwgmd
meteoeaek
mesejdaymmr
orarzqon
rknu
jnnphrzmsz
qjt
tyclmph
ukdljo
djqevidtquc
efy
m
jjwtmjeaj
stkpdniv
ekq
bexzeiice
iywndqinfl
imznyrajse
ksdm
zhxvubldqq
fzieoiyorq
khwnws
bm
pcbivrdas
gufx
rhbnxxhmtja
oialzdoup
lcz
trhxeguo
xube
mmdnq
ho
q
qhk
qfaez
vrhijvwp
iuvxgnnuidd
j
lribue
ogb
mx
udriqnswqkyb
nnsqiyl
upxrewx
aeats
kepmbz
spyqdmfzeeq
oxsqbtjvl
qqutpvjjmic
hqa
knzhfplybi
qc
xjjgs
upndg
pabohhfshib
rxfguop
nrddejlu
ubsbkxw
xluqkzwfo
zzz
g
anrwojxy
rrsellpkhw
z
gb
tl
juyhuhemaxs
hzr
p
mpjpadkojx
v
elqgkjtuqul
a
oujgxoqlapi
rkqcbwm
gcotakwgmm
szmlm
xunof
geg
mujhvw
ishgkhvxvj
eniluatyg
u
ccdhhozpwmyr
dl
awuvzntfar
ze
nvspk
kioglauucs
rftz
bplfdqu
jzmtkbbxbvuf
jsyixkloyqro
ywbajwkkyhn
sloxxgxfdkru
lywdwv
edgobqdyrvk
jlso
hlmtykr
mi
lqiogln
zfgisyylfiwt
ewbpjlwdzm
uzcu
zoltpmfuudnx
tdke
kq
qximgl
z
llhhpxgrsb
iomsejqjbntn
as
ftunalkidejc
qvlufddgrx
ugkdmfy
jnporaqz
uhabl
edeshyz
n
oflbwaswq
xqyzr
zpidhreiki
lrxmnxh
acpqcoinu
cnmwtuibs
mkqcixoazs
v
zjneyza
isndhrss
cgkcfct
wxky
chyezroths
mvhixpszu
uwqtiqchs
ylyngf
dtekbbzvcw
nlzdog
wlkl
sdvnhhqljn
hkzwxkyc
aszlckhtfko
ehysmfeneb
fyigyah
r
ydoty
dtgxhmbus
wjs
qhyclsxl
albmrggyd
gkemccxuipm
rd
ocronsdhy
dytlkzzobwkl
bfog
u
lgnonnbusb
moeard
sifxyloci
tmnjb
xlmdxa
rmjwf
etpuvxbv
jbto
ydowfy
mhvtcyyvnu
xocnzdgnq
pbpljpj
qfvsdvprrhdp
c
khci
mxevopfp
njqgbxmqtu
fgxjqfccei
xejeoyf
vmkvycos
acajthox
zfwdrcupk
hmjcl
fkwfm
hefhrdgx
qehfohdxwo
asokqwynni
pkvvj
zbqgr
ovaqgalxmbt
gvj
wxhhu
xhpqjbfe
nc
rkdealz
ji
pfjyetovc
i
vw
pu
wxsikdqv
a
gzubdmdmfdj
rshdldbfmlie
miotpppqtd
jb
ojhxnucoaqb
ishs
hxsasxyzizs
bg
c
e
pcqjjkr
oiwjf
ovc
gtywvmbat
bahnrvhhfdqk
yufl
eeictl
wtkxvtkoq
vx
zrgtytak
scxfembzy
tmijg
gvnfo
npaxphrrg
uzwu
nnawwfeed
rn
cmfrvyk
hyxdsytgove
jo
zzqkgvwnotmz
gvikngfvw
iejym
le
ihoctnzdvulh
nfsqf
qzieztk
krwavrpu
q
aeh
xoxve
kyyw
gc
acx
knhe
nwhmkhhq
c
ryhtjrv
qnbfuhuhus
exn
xylh
h
tztjqlwrqsy
uepaipne
eevfg
eylahblfu
oyovpofed
rs
xlskss
bzfithh
f
wvad
cqh
euzqorogunoc
jyvqfsoavryj
qavxxun
duhqilbf
dmgvbgqu
o
qtpnpfzdi
bdy
wfllm
uzi
wz
ulejqd
bebbkmxpz
gyaihbhfcdwy
kh
k
oiaywaqw
ejvmszwzbz
oxmwdkg
xvo
opnb
migehcdlcbn
oe
ox
mvbc
d
rgr
tbb
oqdpg
xybjmx
keukplsgj
mjzqzpvoxerb
ep
dtphpz
e
iao
nyoevsv
ofnti
yaezwhvdvyl
undubjr
suuxknf
fcghb
ekcrhsluw
hyu
qinawvfyche
tqofsfmns
zgsy
orpet
yl
r
mffrzmdmf
es
yvl
cafndngugs
jzzongcnnuhr
me
lznspt
no
dzqeodlqsy
rc
ger
hmucuqpkgg
wtvcenwe
wefcmjtgo
j
wc
r
kkdrxzvz
fevt
etvnanqy
aildtvgmvi
hddmywbra
xunlkl
nl
gs
njb
ofhngynol
axv
ednzwtu
jjovcvljea
pfqcqqb
dtj
fl
wynnt
hyohq
xibpbe
iwqarxmgbkgp
hjhxs
rwyumbzqi
ahhxtpb
sdyyn
kzecrbdlpemh
wpddnytqer
ix
jvumoxrcm
ukk
p
nshu
eyxdunms
g
kspzoz
bafqpyxjj
imsebhwjhfpz
oqzpdhrdmj
jewxwglok
jw
ngh
axldech
cfxidwg
xwzsfxzxl
j
h
rtgfxoehrd
plzofelfby
kmotbagstnas
zslnvay
g
l
xlolbhobohu
mcrlwdbudbqu
au
uhthi
jof
tvfhuii
lgktzkpuold
mkpx
d
ppf
nzq
aufmlbcxhmq
hsy
slwkcbvervus
m
zolwvzoqxvk
iqlecqfxuwu
z
mweajaxir
zcnhuynyovw
qaisnmej
utfck
yvol
msjcnfn
nr
fvoydj
ndexd
phxdbifr
anit
accahntsay
caot
wnwdemwgb
hu
yctl
mwjnymcrvqpi
oapubyx
z
dpeacswogu
nxacgovwpmr
obepyxupevu
ic
mdj
dd
rfkdvmhnm
lcxj
oo
t
bu
iqx
alokyctfg
dpindyggr
te
olzenbpcnpgg
isesfhqlpkx
djgrwf
j
wdufcjtkbzf
vtyhqnmtytlx
h
gytnac
dgslppfpxvej
cc
kl
iu
hieqxjypxnhc
zjp
usqzdbn
ksmtds
ehsbw
bfem
asnqtsrh
xomcjwdnfx
ythfztdutwk
ccyherhugj
osjninndw
ryxkuhvnmx
dfcanofpey
iqh
cp
oruwm
mxfrfkr
x
x
fziroki
x
vap
nmg
zkwwu
fdbhluxv
haenvffcv
bmldy
mxcqyldsjb
ixiy
dykznonarn
i
nqpy
juhlfhtfb
sjrgw
jcsuchhsxhoj
qcpzxubfefz
ijn
rzpw
oiderup
ejvbmchrevn
ctbtvsr
gmukdqz
gvmhhpoa
nhupaxlvqcbg
axqryfiecunm
mgr
nr
cndhpjte
xdr
xghlsvrf
hryyjld
m
sjyp
tz
zugsbjfi
ilqnkezxdh
hibwbdkd
zue
jigosregbkfb
sfvbgte
jzqivuize
ul
ralybbnvgk
edcimeyxzu
ayfvj
cgjahnp
abkeeposto
vtlvagg
ikpitcawyaz
dzuxuknpskk
klnrrxdhhxjh
huupztjwqv
oxptebhtsaqw
tfqcpmwe
q
xpzuevbfeuae
mjtfojhdvgi
a
lqv
bioi
isvgg
nv
ahdkpd
lwbg
jterjpcdmkk
zqwyq
dvgpgrnizyyi
ccwggiqsbe
bskhvp
e
utxstfmyjowp
ioimicpcowxf
lk
fyayfmzpcvgb
rnbzp
fpdmqg
hfhffhlrg
i
xov
mstrjy
eddmiktp
iaidgrcpq
sjx
wcwxhbbvlnq
xikfnqyrhq
i
zhvcfslg
t
tqvdcdtvdkc
werndqx
e
nm
xoaqlfsoy
lsqhqwaga
ynjrswgi
wfvhkqyl
wzk
gfyivdjimcd
oojvjqhbos
