880089 11114275 14156931 14433568 26343281 31625109 50435632 60298278 75041757 85340257 88789177 89309175 93768501 96187547 97178270 102946108 107963181 108397257 110634311 111204948 114744214 122245865 125067878 130438046 131499097 138050646 157169403 161332989 161766333 187713963 216121929 218423350 218433411 244255029 248616536 250620898 269148588 280833092 292906271 303516852 354792723 355071740 390858589 396295553 405731749 410608696 413341156 422405271 426021502 431722540 486689793 497794067 521520628 522567172 548676067 560607020 562805663 565721670 579278185 583134323 603732349 608530584 614759431 622442733 632598206 635648776 637452758 648978562 664223314 671363880 683900161 689201823 720488522 729538354 741782994 760493378 772177324 780477658 782624276 797415108 801101366 805040047 806180603 807100862 818116761 826875911 833840801 844176350 871413452 876915785 879802545 881821510 889973908 927030252 929811654 944971619 984755249 990610735 998686941
